
[7m[1m[36m RUN [39m[22m[27m [36mv1.6.1[39m [90mC:/Firerfox Portable/Freeflow brain/backend[39m


node.exe : [31mÔÄ»ÔÄ»ÔÄ»ÔÄ»ÔÄ»ÔÄ»
[1m[7m Failed Suites 1 [27m[22mÔ
Ä»ÔÄ»ÔÄ»ÔÄ»ÔÄ»ÔÄ»ÔÄ»[39m
At C:\Users\frees\AppData\Roaming\n
pm\npx.ps1:24 char:5
+     & "node$exe"  "$basedir/node_
modules/npm/bin/npx-cli.js" $args
+     ~~~~~~~~~~~~~~~~~~~~~~~~~~~~~
~~~~~~~~~~~~~~~~~~~~~~~~~~~~~~~~~
    + CategoryInfo          : NotS 
   pecified: ([31mÔÄ»ÔÄ»ÔÄ»Ô...»  
  ÔÄ»ÔÄ»ÔÄ»[39m:String) [], Rem   
 oteException
    + FullyQualifiedErrorId : Nati 
   veCommandError
 

[31m[1m[7m FAIL [27m[22m[39m 
tests/tts_chunking.unit.test.js [2
m[ tests/tts_chunking.unit.test.js 
][22m
[31m[1mError[22m: Expected ',', 
got 'as'[39m
[90m [2mÔŁ»[22m getRollupError .
./../../Firerfox%20Portable/Freeflo
w%20brain/backend/node_modules/roll
up/dist/es/shared/parseAst.js:[2m4
01:41[22m[39m
[90m [2mÔŁ»[22m convertProgram .
./../../Firerfox%20Portable/Freeflo
w%20brain/backend/node_modules/roll
up/dist/es/shared/parseAst.js:[2m1
098:26[22m[39m
[90m [2mÔŁ»[22m parseAstAsync ..
/../../Firerfox%20Portable/Freeflow
%20brain/backend/node_modules/rollu
p/dist/es/shared/parseAst.js:[2m20
84:106[22m[39m
[90m [2mÔŁ»[22m ssrTransformScri
pt ../../../Firerfox%20Portable/Fre
eflow%20brain/backend/node_modules/
vite/dist/node/chunks/dep-D_zLpgQd.
js:[2m52429:11[22m[39m
[90m [2mÔŁ»[22m loadAndTransform
 ../../../Firerfox%20Portable/Freef
low%20brain/backend/node_modules/vi
te/dist/node/chunks/dep-D_zLpgQd.js
:[2m52027:72[22m[39m

[31m[2mÔÄ»ÔÄ»ÔÄ»ÔÄ»ÔÄ»ÔÄ»ÔÄ»ÔÄ»ÔÄ
»ÔÄ»ÔÄ»ÔÄ»ÔÄ»ÔÄ»ÔÄ»ÔÄ»ÔÄ»ÔÄ»ÔÄ»ÔÄ»Ô
Ä»ÔÄ»ÔÄ»ÔÄ»[1/1]ÔÄ»[22m[39m

[2m Test Files [22m [1m[31m1 failed[39m[22m[90m (1)[39m
[2m      Tests [22m [2mno tests[22m
[2m   Start at [22m 01:11:50
[2m   Duration [22m 9.51s[2m (transform 3.68s, setup 0ms, collect 0ms, tests 0ms, environment 0ms, prepare 5.06s)[22m

